// Jest Snapshot v1, https://goo.gl/fbAQLP

exports[`A simple example 1`] = `
Object {
  "Parameters": Object {
    "AssetParameters009c33224fc0463fbb4a70cce38a4851c371e761dd1ffd204b8aedafe22b28a9ArtifactHash2D7CE948": Object {
      "Description": "Artifact hash for asset \\"009c33224fc0463fbb4a70cce38a4851c371e761dd1ffd204b8aedafe22b28a9\\"",
      "Type": "String",
    },
    "AssetParameters009c33224fc0463fbb4a70cce38a4851c371e761dd1ffd204b8aedafe22b28a9S3Bucket7D65A627": Object {
      "Description": "S3 bucket for asset \\"009c33224fc0463fbb4a70cce38a4851c371e761dd1ffd204b8aedafe22b28a9\\"",
      "Type": "String",
    },
    "AssetParameters009c33224fc0463fbb4a70cce38a4851c371e761dd1ffd204b8aedafe22b28a9S3VersionKeyF497B040": Object {
      "Description": "S3 key for asset version \\"009c33224fc0463fbb4a70cce38a4851c371e761dd1ffd204b8aedafe22b28a9\\"",
      "Type": "String",
    },
    "AssetParameters27166af376d9a5b5d7465342072945d7d4355ede704beb3b6b8e8dba2597c158ArtifactHashA3AE5CF1": Object {
      "Description": "Artifact hash for asset \\"27166af376d9a5b5d7465342072945d7d4355ede704beb3b6b8e8dba2597c158\\"",
      "Type": "String",
    },
    "AssetParameters27166af376d9a5b5d7465342072945d7d4355ede704beb3b6b8e8dba2597c158S3Bucket4F168E83": Object {
      "Description": "S3 bucket for asset \\"27166af376d9a5b5d7465342072945d7d4355ede704beb3b6b8e8dba2597c158\\"",
      "Type": "String",
    },
    "AssetParameters27166af376d9a5b5d7465342072945d7d4355ede704beb3b6b8e8dba2597c158S3VersionKeyF7CBA400": Object {
      "Description": "S3 key for asset version \\"27166af376d9a5b5d7465342072945d7d4355ede704beb3b6b8e8dba2597c158\\"",
      "Type": "String",
    },
    "AssetParameters38243373528bac23d36cc86c82c552df4c55c6ffb12a191c044dffaecf6a0263ArtifactHash6B996B1C": Object {
      "Description": "Artifact hash for asset \\"38243373528bac23d36cc86c82c552df4c55c6ffb12a191c044dffaecf6a0263\\"",
      "Type": "String",
    },
    "AssetParameters38243373528bac23d36cc86c82c552df4c55c6ffb12a191c044dffaecf6a0263S3Bucket30690162": Object {
      "Description": "S3 bucket for asset \\"38243373528bac23d36cc86c82c552df4c55c6ffb12a191c044dffaecf6a0263\\"",
      "Type": "String",
    },
    "AssetParameters38243373528bac23d36cc86c82c552df4c55c6ffb12a191c044dffaecf6a0263S3VersionKeyD1216B81": Object {
      "Description": "S3 key for asset version \\"38243373528bac23d36cc86c82c552df4c55c6ffb12a191c044dffaecf6a0263\\"",
      "Type": "String",
    },
    "AssetParameters657579de33f1432a46b0d0675bde7511ded47349997ff83b1000c5d4cf8e7ba6ArtifactHash21D43CF6": Object {
      "Description": "Artifact hash for asset \\"657579de33f1432a46b0d0675bde7511ded47349997ff83b1000c5d4cf8e7ba6\\"",
      "Type": "String",
    },
    "AssetParameters657579de33f1432a46b0d0675bde7511ded47349997ff83b1000c5d4cf8e7ba6S3BucketF78EFB93": Object {
      "Description": "S3 bucket for asset \\"657579de33f1432a46b0d0675bde7511ded47349997ff83b1000c5d4cf8e7ba6\\"",
      "Type": "String",
    },
    "AssetParameters657579de33f1432a46b0d0675bde7511ded47349997ff83b1000c5d4cf8e7ba6S3VersionKeyD2124C4E": Object {
      "Description": "S3 key for asset version \\"657579de33f1432a46b0d0675bde7511ded47349997ff83b1000c5d4cf8e7ba6\\"",
      "Type": "String",
    },
    "AssetParametersafe12ee13b10f5531c1f6afc434951e2965d2ce674cd6131e0e18ce24003942fArtifactHashC0FC33BC": Object {
      "Description": "Artifact hash for asset \\"afe12ee13b10f5531c1f6afc434951e2965d2ce674cd6131e0e18ce24003942f\\"",
      "Type": "String",
    },
    "AssetParametersafe12ee13b10f5531c1f6afc434951e2965d2ce674cd6131e0e18ce24003942fS3BucketC0EBB250": Object {
      "Description": "S3 bucket for asset \\"afe12ee13b10f5531c1f6afc434951e2965d2ce674cd6131e0e18ce24003942f\\"",
      "Type": "String",
    },
    "AssetParametersafe12ee13b10f5531c1f6afc434951e2965d2ce674cd6131e0e18ce24003942fS3VersionKey2A433453": Object {
      "Description": "S3 key for asset version \\"afe12ee13b10f5531c1f6afc434951e2965d2ce674cd6131e0e18ce24003942f\\"",
      "Type": "String",
    },
    "AssetParameterse43d7eecf6911b68ac2bfdc6f78814185f119f349e6bc8f9a15bb9292cf2ebecArtifactHash071B2132": Object {
      "Description": "Artifact hash for asset \\"e43d7eecf6911b68ac2bfdc6f78814185f119f349e6bc8f9a15bb9292cf2ebec\\"",
      "Type": "String",
    },
    "AssetParameterse43d7eecf6911b68ac2bfdc6f78814185f119f349e6bc8f9a15bb9292cf2ebecS3BucketD1C1C4BF": Object {
      "Description": "S3 bucket for asset \\"e43d7eecf6911b68ac2bfdc6f78814185f119f349e6bc8f9a15bb9292cf2ebec\\"",
      "Type": "String",
    },
    "AssetParameterse43d7eecf6911b68ac2bfdc6f78814185f119f349e6bc8f9a15bb9292cf2ebecS3VersionKeyB745548F": Object {
      "Description": "S3 key for asset version \\"e43d7eecf6911b68ac2bfdc6f78814185f119f349e6bc8f9a15bb9292cf2ebec\\"",
      "Type": "String",
    },
  },
  "Resources": Object {
    "AWS679f53fac002430cb0da5b7982bd22872D164C4C": Object {
      "DependsOn": Array [
        "AWS679f53fac002430cb0da5b7982bd2287ServiceRoleDefaultPolicyD28E1A5E",
        "AWS679f53fac002430cb0da5b7982bd2287ServiceRoleC1EA0FF2",
      ],
      "Properties": Object {
        "Code": Object {
          "S3Bucket": Object {
            "Ref": "AssetParametersafe12ee13b10f5531c1f6afc434951e2965d2ce674cd6131e0e18ce24003942fS3BucketC0EBB250",
          },
          "S3Key": Object {
            "Fn::Join": Array [
              "",
              Array [
                Object {
                  "Fn::Select": Array [
                    0,
                    Object {
                      "Fn::Split": Array [
                        "||",
                        Object {
                          "Ref": "AssetParametersafe12ee13b10f5531c1f6afc434951e2965d2ce674cd6131e0e18ce24003942fS3VersionKey2A433453",
                        },
                      ],
                    },
                  ],
                },
                Object {
                  "Fn::Select": Array [
                    1,
                    Object {
                      "Fn::Split": Array [
                        "||",
                        Object {
                          "Ref": "AssetParametersafe12ee13b10f5531c1f6afc434951e2965d2ce674cd6131e0e18ce24003942fS3VersionKey2A433453",
                        },
                      ],
                    },
                  ],
                },
              ],
            ],
          },
        },
        "Handler": "index.handler",
        "Role": Object {
          "Fn::GetAtt": Array [
            "AWS679f53fac002430cb0da5b7982bd2287ServiceRoleC1EA0FF2",
            "Arn",
          ],
        },
        "Runtime": "nodejs12.x",
        "Timeout": 120,
      },
      "Type": "AWS::Lambda::Function",
    },
    "AWS679f53fac002430cb0da5b7982bd2287ServiceRoleC1EA0FF2": Object {
      "Properties": Object {
        "AssumeRolePolicyDocument": Object {
          "Statement": Array [
            Object {
              "Action": "sts:AssumeRole",
              "Effect": "Allow",
              "Principal": Object {
                "Service": "lambda.amazonaws.com",
              },
            },
          ],
          "Version": "2012-10-17",
        },
        "ManagedPolicyArns": Array [
          Object {
            "Fn::Join": Array [
              "",
              Array [
                "arn:",
                Object {
                  "Ref": "AWS::Partition",
                },
                ":iam::aws:policy/service-role/AWSLambdaBasicExecutionRole",
              ],
            ],
          },
        ],
      },
      "Type": "AWS::IAM::Role",
    },
    "AWS679f53fac002430cb0da5b7982bd2287ServiceRoleDefaultPolicyD28E1A5E": Object {
      "Properties": Object {
        "PolicyDocument": Object {
          "Statement": Array [
            Object {
              "Action": "ssm:PutParameter",
              "Effect": "Allow",
              "Resource": "*",
            },
            Object {
              "Action": "ssm:DeleteParameter",
              "Effect": "Allow",
              "Resource": "*",
            },
          ],
          "Version": "2012-10-17",
        },
        "PolicyName": "AWS679f53fac002430cb0da5b7982bd2287ServiceRoleDefaultPolicyD28E1A5E",
        "Roles": Array [
          Object {
            "Ref": "AWS679f53fac002430cb0da5b7982bd2287ServiceRoleC1EA0FF2",
          },
        ],
      },
      "Type": "AWS::IAM::Policy",
    },
    "AuthLambdasCheckAuthFunction6B3C9473": Object {
      "DependsOn": Array [
        "AuthLambdasServiceRoleF10A0667",
      ],
      "Properties": Object {
        "Code": Object {
          "S3Bucket": Object {
            "Ref": "AssetParameters009c33224fc0463fbb4a70cce38a4851c371e761dd1ffd204b8aedafe22b28a9S3Bucket7D65A627",
          },
          "S3Key": Object {
            "Fn::Join": Array [
              "",
              Array [
                Object {
                  "Fn::Select": Array [
                    0,
                    Object {
                      "Fn::Split": Array [
                        "||",
                        Object {
                          "Ref": "AssetParameters009c33224fc0463fbb4a70cce38a4851c371e761dd1ffd204b8aedafe22b28a9S3VersionKeyF497B040",
                        },
                      ],
                    },
                  ],
                },
                Object {
                  "Fn::Select": Array [
                    1,
                    Object {
                      "Fn::Split": Array [
                        "||",
                        Object {
                          "Ref": "AssetParameters009c33224fc0463fbb4a70cce38a4851c371e761dd1ffd204b8aedafe22b28a9S3VersionKeyF497B040",
                        },
                      ],
                    },
                  ],
                },
              ],
            ],
          },
        },
        "Handler": "index.handler",
        "Role": Object {
          "Fn::GetAtt": Array [
            "AuthLambdasServiceRoleF10A0667",
            "Arn",
          ],
        },
        "Runtime": "nodejs12.x",
        "Timeout": 5,
      },
      "Type": "AWS::Lambda::Function",
    },
    "AuthLambdasCheckAuthFunctionCurrentVersionF10C4D6216ff190afacc561a50a82559f547615b": Object {
      "Properties": Object {
        "FunctionName": Object {
          "Ref": "AuthLambdasCheckAuthFunction6B3C9473",
        },
      },
      "Type": "AWS::Lambda::Version",
    },
    "AuthLambdasCheckAuthFunctionVersionParamParameuwest1Resoure8ACD3434": Object {
      "DeletionPolicy": "Delete",
      "Properties": Object {
        "Create": Object {
          "action": "putParameter",
          "parameters": Object {
            "Name": "/cf/region/us-east-1/stack/Stack1/Stack1AuthLambdas3691AB43-CheckAuthFunction-function-arn",
            "Overwrite": "TRUE:BOOLEAN",
            "Type": "String",
            "Value": Object {
              "Ref": "AuthLambdasCheckAuthFunctionCurrentVersionF10C4D6216ff190afacc561a50a82559f547615b",
            },
          },
          "physicalResourceId": Object {
            "id": "/cf/region/us-east-1/stack/Stack1/Stack1AuthLambdas3691AB43-CheckAuthFunction-function-arn",
          },
          "region": "eu-west-1",
          "service": "SSM",
        },
        "Delete": Object {
          "action": "deleteParameter",
          "parameters": Object {
            "Name": "/cf/region/us-east-1/stack/Stack1/Stack1AuthLambdas3691AB43-CheckAuthFunction-function-arn",
          },
          "physicalResourceId": Object {
            "id": "/cf/region/us-east-1/stack/Stack1/Stack1AuthLambdas3691AB43-CheckAuthFunction-function-arn",
          },
          "region": "eu-west-1",
          "service": "SSM",
        },
        "ServiceToken": Object {
          "Fn::GetAtt": Array [
            "AWS679f53fac002430cb0da5b7982bd22872D164C4C",
            "Arn",
          ],
        },
        "Update": Object {
          "action": "putParameter",
          "parameters": Object {
            "Name": "/cf/region/us-east-1/stack/Stack1/Stack1AuthLambdas3691AB43-CheckAuthFunction-function-arn",
            "Overwrite": "TRUE:BOOLEAN",
            "Type": "String",
            "Value": Object {
              "Ref": "AuthLambdasCheckAuthFunctionCurrentVersionF10C4D6216ff190afacc561a50a82559f547615b",
            },
          },
          "physicalResourceId": Object {
            "id": "/cf/region/us-east-1/stack/Stack1/Stack1AuthLambdas3691AB43-CheckAuthFunction-function-arn",
          },
          "region": "eu-west-1",
          "service": "SSM",
        },
      },
      "Type": "Custom::AWS",
      "UpdateReplacePolicy": "Delete",
    },
    "AuthLambdasHttpHeadersFunctionC7A2BAB9": Object {
      "DependsOn": Array [
        "AuthLambdasServiceRoleF10A0667",
      ],
      "Properties": Object {
        "Code": Object {
          "S3Bucket": Object {
            "Ref": "AssetParameterse43d7eecf6911b68ac2bfdc6f78814185f119f349e6bc8f9a15bb9292cf2ebecS3BucketD1C1C4BF",
          },
          "S3Key": Object {
            "Fn::Join": Array [
              "",
              Array [
                Object {
                  "Fn::Select": Array [
                    0,
                    Object {
                      "Fn::Split": Array [
                        "||",
                        Object {
                          "Ref": "AssetParameterse43d7eecf6911b68ac2bfdc6f78814185f119f349e6bc8f9a15bb9292cf2ebecS3VersionKeyB745548F",
                        },
                      ],
                    },
                  ],
                },
                Object {
                  "Fn::Select": Array [
                    1,
                    Object {
                      "Fn::Split": Array [
                        "||",
                        Object {
                          "Ref": "AssetParameterse43d7eecf6911b68ac2bfdc6f78814185f119f349e6bc8f9a15bb9292cf2ebecS3VersionKeyB745548F",
                        },
                      ],
                    },
                  ],
                },
              ],
            ],
          },
        },
        "Handler": "index.handler",
        "Role": Object {
          "Fn::GetAtt": Array [
            "AuthLambdasServiceRoleF10A0667",
            "Arn",
          ],
        },
        "Runtime": "nodejs12.x",
        "Timeout": 5,
      },
      "Type": "AWS::Lambda::Function",
    },
    "AuthLambdasHttpHeadersFunctionCurrentVersion8B8CDE2E1af885f1be8274c6512c4feacf0260da": Object {
      "Properties": Object {
        "FunctionName": Object {
          "Ref": "AuthLambdasHttpHeadersFunctionC7A2BAB9",
        },
      },
      "Type": "AWS::Lambda::Version",
    },
    "AuthLambdasHttpHeadersFunctionVersionParamParameuwest1Resoure0C3C81F2": Object {
      "DeletionPolicy": "Delete",
      "Properties": Object {
        "Create": Object {
          "action": "putParameter",
          "parameters": Object {
            "Name": "/cf/region/us-east-1/stack/Stack1/Stack1AuthLambdas3691AB43-HttpHeadersFunction-function-arn",
            "Overwrite": "TRUE:BOOLEAN",
            "Type": "String",
            "Value": Object {
              "Ref": "AuthLambdasHttpHeadersFunctionCurrentVersion8B8CDE2E1af885f1be8274c6512c4feacf0260da",
            },
          },
          "physicalResourceId": Object {
            "id": "/cf/region/us-east-1/stack/Stack1/Stack1AuthLambdas3691AB43-HttpHeadersFunction-function-arn",
          },
          "region": "eu-west-1",
          "service": "SSM",
        },
        "Delete": Object {
          "action": "deleteParameter",
          "parameters": Object {
            "Name": "/cf/region/us-east-1/stack/Stack1/Stack1AuthLambdas3691AB43-HttpHeadersFunction-function-arn",
          },
          "physicalResourceId": Object {
            "id": "/cf/region/us-east-1/stack/Stack1/Stack1AuthLambdas3691AB43-HttpHeadersFunction-function-arn",
          },
          "region": "eu-west-1",
          "service": "SSM",
        },
        "ServiceToken": Object {
          "Fn::GetAtt": Array [
            "AWS679f53fac002430cb0da5b7982bd22872D164C4C",
            "Arn",
          ],
        },
        "Update": Object {
          "action": "putParameter",
          "parameters": Object {
            "Name": "/cf/region/us-east-1/stack/Stack1/Stack1AuthLambdas3691AB43-HttpHeadersFunction-function-arn",
            "Overwrite": "TRUE:BOOLEAN",
            "Type": "String",
            "Value": Object {
              "Ref": "AuthLambdasHttpHeadersFunctionCurrentVersion8B8CDE2E1af885f1be8274c6512c4feacf0260da",
            },
          },
          "physicalResourceId": Object {
            "id": "/cf/region/us-east-1/stack/Stack1/Stack1AuthLambdas3691AB43-HttpHeadersFunction-function-arn",
          },
          "region": "eu-west-1",
          "service": "SSM",
        },
      },
      "Type": "Custom::AWS",
      "UpdateReplacePolicy": "Delete",
    },
    "AuthLambdasParseAuthFunctionC04A121B": Object {
      "DependsOn": Array [
        "AuthLambdasServiceRoleF10A0667",
      ],
      "Properties": Object {
        "Code": Object {
          "S3Bucket": Object {
            "Ref": "AssetParameters27166af376d9a5b5d7465342072945d7d4355ede704beb3b6b8e8dba2597c158S3Bucket4F168E83",
          },
          "S3Key": Object {
            "Fn::Join": Array [
              "",
              Array [
                Object {
                  "Fn::Select": Array [
                    0,
                    Object {
                      "Fn::Split": Array [
                        "||",
                        Object {
                          "Ref": "AssetParameters27166af376d9a5b5d7465342072945d7d4355ede704beb3b6b8e8dba2597c158S3VersionKeyF7CBA400",
                        },
                      ],
                    },
                  ],
                },
                Object {
                  "Fn::Select": Array [
                    1,
                    Object {
                      "Fn::Split": Array [
                        "||",
                        Object {
                          "Ref": "AssetParameters27166af376d9a5b5d7465342072945d7d4355ede704beb3b6b8e8dba2597c158S3VersionKeyF7CBA400",
                        },
                      ],
                    },
                  ],
                },
              ],
            ],
          },
        },
        "Handler": "index.handler",
        "Role": Object {
          "Fn::GetAtt": Array [
            "AuthLambdasServiceRoleF10A0667",
            "Arn",
          ],
        },
        "Runtime": "nodejs12.x",
        "Timeout": 5,
      },
      "Type": "AWS::Lambda::Function",
    },
    "AuthLambdasParseAuthFunctionCurrentVersionA32A5991b57878ebb6956e721f4a5219bba689db": Object {
      "Properties": Object {
        "FunctionName": Object {
          "Ref": "AuthLambdasParseAuthFunctionC04A121B",
        },
      },
      "Type": "AWS::Lambda::Version",
    },
    "AuthLambdasParseAuthFunctionVersionParamParameuwest1Resoure934661C6": Object {
      "DeletionPolicy": "Delete",
      "Properties": Object {
        "Create": Object {
          "action": "putParameter",
          "parameters": Object {
            "Name": "/cf/region/us-east-1/stack/Stack1/Stack1AuthLambdas3691AB43-ParseAuthFunction-function-arn",
            "Overwrite": "TRUE:BOOLEAN",
            "Type": "String",
            "Value": Object {
              "Ref": "AuthLambdasParseAuthFunctionCurrentVersionA32A5991b57878ebb6956e721f4a5219bba689db",
            },
          },
          "physicalResourceId": Object {
            "id": "/cf/region/us-east-1/stack/Stack1/Stack1AuthLambdas3691AB43-ParseAuthFunction-function-arn",
          },
          "region": "eu-west-1",
          "service": "SSM",
        },
        "Delete": Object {
          "action": "deleteParameter",
          "parameters": Object {
            "Name": "/cf/region/us-east-1/stack/Stack1/Stack1AuthLambdas3691AB43-ParseAuthFunction-function-arn",
          },
          "physicalResourceId": Object {
            "id": "/cf/region/us-east-1/stack/Stack1/Stack1AuthLambdas3691AB43-ParseAuthFunction-function-arn",
          },
          "region": "eu-west-1",
          "service": "SSM",
        },
        "ServiceToken": Object {
          "Fn::GetAtt": Array [
            "AWS679f53fac002430cb0da5b7982bd22872D164C4C",
            "Arn",
          ],
        },
        "Update": Object {
          "action": "putParameter",
          "parameters": Object {
            "Name": "/cf/region/us-east-1/stack/Stack1/Stack1AuthLambdas3691AB43-ParseAuthFunction-function-arn",
            "Overwrite": "TRUE:BOOLEAN",
            "Type": "String",
            "Value": Object {
              "Ref": "AuthLambdasParseAuthFunctionCurrentVersionA32A5991b57878ebb6956e721f4a5219bba689db",
            },
          },
          "physicalResourceId": Object {
            "id": "/cf/region/us-east-1/stack/Stack1/Stack1AuthLambdas3691AB43-ParseAuthFunction-function-arn",
          },
          "region": "eu-west-1",
          "service": "SSM",
        },
      },
      "Type": "Custom::AWS",
      "UpdateReplacePolicy": "Delete",
    },
    "AuthLambdasRefreshAuthFunction4B0B3BD6": Object {
      "DependsOn": Array [
        "AuthLambdasServiceRoleF10A0667",
      ],
      "Properties": Object {
        "Code": Object {
          "S3Bucket": Object {
            "Ref": "AssetParameters38243373528bac23d36cc86c82c552df4c55c6ffb12a191c044dffaecf6a0263S3Bucket30690162",
          },
          "S3Key": Object {
            "Fn::Join": Array [
              "",
              Array [
                Object {
                  "Fn::Select": Array [
                    0,
                    Object {
                      "Fn::Split": Array [
                        "||",
                        Object {
                          "Ref": "AssetParameters38243373528bac23d36cc86c82c552df4c55c6ffb12a191c044dffaecf6a0263S3VersionKeyD1216B81",
                        },
                      ],
                    },
                  ],
                },
                Object {
                  "Fn::Select": Array [
                    1,
                    Object {
                      "Fn::Split": Array [
                        "||",
                        Object {
                          "Ref": "AssetParameters38243373528bac23d36cc86c82c552df4c55c6ffb12a191c044dffaecf6a0263S3VersionKeyD1216B81",
                        },
                      ],
                    },
                  ],
                },
              ],
            ],
          },
        },
        "Handler": "index.handler",
        "Role": Object {
          "Fn::GetAtt": Array [
            "AuthLambdasServiceRoleF10A0667",
            "Arn",
          ],
        },
        "Runtime": "nodejs12.x",
        "Timeout": 5,
      },
      "Type": "AWS::Lambda::Function",
    },
    "AuthLambdasRefreshAuthFunctionCurrentVersion632285F65ce761d8c3424b6e37640e63afd01f0b": Object {
      "Properties": Object {
        "FunctionName": Object {
          "Ref": "AuthLambdasRefreshAuthFunction4B0B3BD6",
        },
      },
      "Type": "AWS::Lambda::Version",
    },
    "AuthLambdasRefreshAuthFunctionVersionParamParameuwest1Resoure0C0D8913": Object {
      "DeletionPolicy": "Delete",
      "Properties": Object {
        "Create": Object {
          "action": "putParameter",
          "parameters": Object {
            "Name": "/cf/region/us-east-1/stack/Stack1/Stack1AuthLambdas3691AB43-RefreshAuthFunction-function-arn",
            "Overwrite": "TRUE:BOOLEAN",
            "Type": "String",
            "Value": Object {
              "Ref": "AuthLambdasRefreshAuthFunctionCurrentVersion632285F65ce761d8c3424b6e37640e63afd01f0b",
            },
          },
          "physicalResourceId": Object {
            "id": "/cf/region/us-east-1/stack/Stack1/Stack1AuthLambdas3691AB43-RefreshAuthFunction-function-arn",
          },
          "region": "eu-west-1",
          "service": "SSM",
        },
        "Delete": Object {
          "action": "deleteParameter",
          "parameters": Object {
            "Name": "/cf/region/us-east-1/stack/Stack1/Stack1AuthLambdas3691AB43-RefreshAuthFunction-function-arn",
          },
          "physicalResourceId": Object {
            "id": "/cf/region/us-east-1/stack/Stack1/Stack1AuthLambdas3691AB43-RefreshAuthFunction-function-arn",
          },
          "region": "eu-west-1",
          "service": "SSM",
        },
        "ServiceToken": Object {
          "Fn::GetAtt": Array [
            "AWS679f53fac002430cb0da5b7982bd22872D164C4C",
            "Arn",
          ],
        },
        "Update": Object {
          "action": "putParameter",
          "parameters": Object {
            "Name": "/cf/region/us-east-1/stack/Stack1/Stack1AuthLambdas3691AB43-RefreshAuthFunction-function-arn",
            "Overwrite": "TRUE:BOOLEAN",
            "Type": "String",
            "Value": Object {
              "Ref": "AuthLambdasRefreshAuthFunctionCurrentVersion632285F65ce761d8c3424b6e37640e63afd01f0b",
            },
          },
          "physicalResourceId": Object {
            "id": "/cf/region/us-east-1/stack/Stack1/Stack1AuthLambdas3691AB43-RefreshAuthFunction-function-arn",
          },
          "region": "eu-west-1",
          "service": "SSM",
        },
      },
      "Type": "Custom::AWS",
      "UpdateReplacePolicy": "Delete",
    },
    "AuthLambdasServiceRoleF10A0667": Object {
      "Properties": Object {
        "AssumeRolePolicyDocument": Object {
          "Statement": Array [
            Object {
              "Action": "sts:AssumeRole",
              "Effect": "Allow",
              "Principal": Object {
                "Service": Array [
                  "lambda.amazonaws.com",
                  "edgelambda.amazonaws.com",
                ],
              },
            },
          ],
          "Version": "2012-10-17",
        },
        "ManagedPolicyArns": Array [
          Object {
            "Fn::Join": Array [
              "",
              Array [
                "arn:",
                Object {
                  "Ref": "AWS::Partition",
                },
                ":iam::aws:policy/service-role/AWSLambdaBasicExecutionRole",
              ],
            ],
          },
        ],
      },
      "Type": "AWS::IAM::Role",
    },
    "AuthLambdasSignOutFunction251863E4": Object {
      "DependsOn": Array [
        "AuthLambdasServiceRoleF10A0667",
      ],
      "Properties": Object {
        "Code": Object {
          "S3Bucket": Object {
            "Ref": "AssetParameters657579de33f1432a46b0d0675bde7511ded47349997ff83b1000c5d4cf8e7ba6S3BucketF78EFB93",
          },
          "S3Key": Object {
            "Fn::Join": Array [
              "",
              Array [
                Object {
                  "Fn::Select": Array [
                    0,
                    Object {
                      "Fn::Split": Array [
                        "||",
                        Object {
                          "Ref": "AssetParameters657579de33f1432a46b0d0675bde7511ded47349997ff83b1000c5d4cf8e7ba6S3VersionKeyD2124C4E",
                        },
                      ],
                    },
                  ],
                },
                Object {
                  "Fn::Select": Array [
                    1,
                    Object {
                      "Fn::Split": Array [
                        "||",
                        Object {
                          "Ref": "AssetParameters657579de33f1432a46b0d0675bde7511ded47349997ff83b1000c5d4cf8e7ba6S3VersionKeyD2124C4E",
                        },
                      ],
                    },
                  ],
                },
              ],
            ],
          },
        },
        "Handler": "index.handler",
        "Role": Object {
          "Fn::GetAtt": Array [
            "AuthLambdasServiceRoleF10A0667",
            "Arn",
          ],
        },
        "Runtime": "nodejs12.x",
        "Timeout": 5,
      },
      "Type": "AWS::Lambda::Function",
    },
    "AuthLambdasSignOutFunctionCurrentVersion0576BBB1616f2be4736626f98c8da77b666a5507": Object {
      "Properties": Object {
        "FunctionName": Object {
          "Ref": "AuthLambdasSignOutFunction251863E4",
        },
      },
      "Type": "AWS::Lambda::Version",
    },
    "AuthLambdasSignOutFunctionVersionParamParameuwest1Resoure18583D2D": Object {
      "DeletionPolicy": "Delete",
      "Properties": Object {
        "Create": Object {
          "action": "putParameter",
          "parameters": Object {
            "Name": "/cf/region/us-east-1/stack/Stack1/Stack1AuthLambdas3691AB43-SignOutFunction-function-arn",
            "Overwrite": "TRUE:BOOLEAN",
            "Type": "String",
            "Value": Object {
              "Ref": "AuthLambdasSignOutFunctionCurrentVersion0576BBB1616f2be4736626f98c8da77b666a5507",
            },
          },
          "physicalResourceId": Object {
            "id": "/cf/region/us-east-1/stack/Stack1/Stack1AuthLambdas3691AB43-SignOutFunction-function-arn",
          },
          "region": "eu-west-1",
          "service": "SSM",
        },
        "Delete": Object {
          "action": "deleteParameter",
          "parameters": Object {
            "Name": "/cf/region/us-east-1/stack/Stack1/Stack1AuthLambdas3691AB43-SignOutFunction-function-arn",
          },
          "physicalResourceId": Object {
            "id": "/cf/region/us-east-1/stack/Stack1/Stack1AuthLambdas3691AB43-SignOutFunction-function-arn",
          },
          "region": "eu-west-1",
          "service": "SSM",
        },
        "ServiceToken": Object {
          "Fn::GetAtt": Array [
            "AWS679f53fac002430cb0da5b7982bd22872D164C4C",
            "Arn",
          ],
        },
        "Update": Object {
          "action": "putParameter",
          "parameters": Object {
            "Name": "/cf/region/us-east-1/stack/Stack1/Stack1AuthLambdas3691AB43-SignOutFunction-function-arn",
            "Overwrite": "TRUE:BOOLEAN",
            "Type": "String",
            "Value": Object {
              "Ref": "AuthLambdasSignOutFunctionCurrentVersion0576BBB1616f2be4736626f98c8da77b666a5507",
            },
          },
          "physicalResourceId": Object {
            "id": "/cf/region/us-east-1/stack/Stack1/Stack1AuthLambdas3691AB43-SignOutFunction-function-arn",
          },
          "region": "eu-west-1",
          "service": "SSM",
        },
      },
      "Type": "Custom::AWS",
      "UpdateReplacePolicy": "Delete",
    },
  },
}
`;

exports[`A simple example 2`] = `
Object {
  "Parameters": Object {
    "AssetParameters199627257adc7590ce01a0103b17e33e8ae5e7ec544f6905b0b7a5ab9d3d3d99ArtifactHash58BD6F7E": Object {
      "Description": "Artifact hash for asset \\"199627257adc7590ce01a0103b17e33e8ae5e7ec544f6905b0b7a5ab9d3d3d99\\"",
      "Type": "String",
    },
    "AssetParameters199627257adc7590ce01a0103b17e33e8ae5e7ec544f6905b0b7a5ab9d3d3d99S3Bucket9968787F": Object {
      "Description": "S3 bucket for asset \\"199627257adc7590ce01a0103b17e33e8ae5e7ec544f6905b0b7a5ab9d3d3d99\\"",
      "Type": "String",
    },
    "AssetParameters199627257adc7590ce01a0103b17e33e8ae5e7ec544f6905b0b7a5ab9d3d3d99S3VersionKeyA2B61F20": Object {
      "Description": "S3 key for asset version \\"199627257adc7590ce01a0103b17e33e8ae5e7ec544f6905b0b7a5ab9d3d3d99\\"",
      "Type": "String",
    },
    "AssetParameters812fb1ad6d57643790c0c720ff7b1226e49679db821db771446a9a950a477b14ArtifactHash47216AA1": Object {
      "Description": "Artifact hash for asset \\"812fb1ad6d57643790c0c720ff7b1226e49679db821db771446a9a950a477b14\\"",
      "Type": "String",
    },
    "AssetParameters812fb1ad6d57643790c0c720ff7b1226e49679db821db771446a9a950a477b14S3BucketE74F71F4": Object {
      "Description": "S3 bucket for asset \\"812fb1ad6d57643790c0c720ff7b1226e49679db821db771446a9a950a477b14\\"",
      "Type": "String",
    },
    "AssetParameters812fb1ad6d57643790c0c720ff7b1226e49679db821db771446a9a950a477b14S3VersionKeyCDA54A41": Object {
      "Description": "S3 key for asset version \\"812fb1ad6d57643790c0c720ff7b1226e49679db821db771446a9a950a477b14\\"",
      "Type": "String",
    },
    "AssetParametersa01cec960b58c5d4ab37f849b1af75bf2d04efe9541f332a4e67aefb46252909ArtifactHashFBE179D1": Object {
      "Description": "Artifact hash for asset \\"a01cec960b58c5d4ab37f849b1af75bf2d04efe9541f332a4e67aefb46252909\\"",
      "Type": "String",
    },
    "AssetParametersa01cec960b58c5d4ab37f849b1af75bf2d04efe9541f332a4e67aefb46252909S3Bucket890F81D3": Object {
      "Description": "S3 bucket for asset \\"a01cec960b58c5d4ab37f849b1af75bf2d04efe9541f332a4e67aefb46252909\\"",
      "Type": "String",
    },
    "AssetParametersa01cec960b58c5d4ab37f849b1af75bf2d04efe9541f332a4e67aefb46252909S3VersionKey268FBFBF": Object {
      "Description": "S3 key for asset version \\"a01cec960b58c5d4ab37f849b1af75bf2d04efe9541f332a4e67aefb46252909\\"",
      "Type": "String",
    },
    "AssetParametersafe12ee13b10f5531c1f6afc434951e2965d2ce674cd6131e0e18ce24003942fArtifactHashC0FC33BC": Object {
      "Description": "Artifact hash for asset \\"afe12ee13b10f5531c1f6afc434951e2965d2ce674cd6131e0e18ce24003942f\\"",
      "Type": "String",
    },
    "AssetParametersafe12ee13b10f5531c1f6afc434951e2965d2ce674cd6131e0e18ce24003942fS3BucketC0EBB250": Object {
      "Description": "S3 bucket for asset \\"afe12ee13b10f5531c1f6afc434951e2965d2ce674cd6131e0e18ce24003942f\\"",
      "Type": "String",
    },
    "AssetParametersafe12ee13b10f5531c1f6afc434951e2965d2ce674cd6131e0e18ce24003942fS3VersionKey2A433453": Object {
      "Description": "S3 key for asset version \\"afe12ee13b10f5531c1f6afc434951e2965d2ce674cd6131e0e18ce24003942f\\"",
      "Type": "String",
    },
    "AuthCheckAuthFnImportNonceB0C38324": Object {
      "Default": "snapshot",
      "Type": "String",
    },
    "AuthHttpHeadersFnImportNonceEA60F8FB": Object {
      "Default": "snapshot",
      "Type": "String",
    },
    "AuthParseAuthFnImportNonceDB90BFAF": Object {
      "Default": "snapshot",
      "Type": "String",
    },
    "AuthRefreshAuthFnImportNonce259C9C85": Object {
      "Default": "snapshot",
      "Type": "String",
    },
    "AuthSignOutFnImportNonce71DBA4CA": Object {
      "Default": "snapshot",
      "Type": "String",
    },
    "SsmParameterValuecfregionuseast1stackStack1Stack1AuthLambdas3691AB43CheckAuthFunctionfunctionarnC96584B6F00A464EAD1953AFF4B05118Parameter": Object {
      "Default": "/cf/region/us-east-1/stack/Stack1/Stack1AuthLambdas3691AB43-CheckAuthFunction-function-arn",
      "Type": "AWS::SSM::Parameter::Value<String>",
    },
    "SsmParameterValuecfregionuseast1stackStack1Stack1AuthLambdas3691AB43HttpHeadersFunctionfunctionarnC96584B6F00A464EAD1953AFF4B05118Parameter": Object {
      "Default": "/cf/region/us-east-1/stack/Stack1/Stack1AuthLambdas3691AB43-HttpHeadersFunction-function-arn",
      "Type": "AWS::SSM::Parameter::Value<String>",
    },
    "SsmParameterValuecfregionuseast1stackStack1Stack1AuthLambdas3691AB43ParseAuthFunctionfunctionarnC96584B6F00A464EAD1953AFF4B05118Parameter": Object {
      "Default": "/cf/region/us-east-1/stack/Stack1/Stack1AuthLambdas3691AB43-ParseAuthFunction-function-arn",
      "Type": "AWS::SSM::Parameter::Value<String>",
    },
    "SsmParameterValuecfregionuseast1stackStack1Stack1AuthLambdas3691AB43RefreshAuthFunctionfunctionarnC96584B6F00A464EAD1953AFF4B05118Parameter": Object {
      "Default": "/cf/region/us-east-1/stack/Stack1/Stack1AuthLambdas3691AB43-RefreshAuthFunction-function-arn",
      "Type": "AWS::SSM::Parameter::Value<String>",
    },
    "SsmParameterValuecfregionuseast1stackStack1Stack1AuthLambdas3691AB43SignOutFunctionfunctionarnC96584B6F00A464EAD1953AFF4B05118Parameter": Object {
      "Default": "/cf/region/us-east-1/stack/Stack1/Stack1AuthLambdas3691AB43-SignOutFunction-function-arn",
      "Type": "AWS::SSM::Parameter::Value<String>",
    },
  },
  "Resources": Object {
    "AWS679f53fac002430cb0da5b7982bd22872D164C4C": Object {
      "DependsOn": Array [
        "AWS679f53fac002430cb0da5b7982bd2287ServiceRoleDefaultPolicyD28E1A5E",
        "AWS679f53fac002430cb0da5b7982bd2287ServiceRoleC1EA0FF2",
      ],
      "Properties": Object {
        "Code": Object {
          "S3Bucket": Object {
            "Ref": "AssetParametersafe12ee13b10f5531c1f6afc434951e2965d2ce674cd6131e0e18ce24003942fS3BucketC0EBB250",
          },
          "S3Key": Object {
            "Fn::Join": Array [
              "",
              Array [
                Object {
                  "Fn::Select": Array [
                    0,
                    Object {
                      "Fn::Split": Array [
                        "||",
                        Object {
                          "Ref": "AssetParametersafe12ee13b10f5531c1f6afc434951e2965d2ce674cd6131e0e18ce24003942fS3VersionKey2A433453",
                        },
                      ],
                    },
                  ],
                },
                Object {
                  "Fn::Select": Array [
                    1,
                    Object {
                      "Fn::Split": Array [
                        "||",
                        Object {
                          "Ref": "AssetParametersafe12ee13b10f5531c1f6afc434951e2965d2ce674cd6131e0e18ce24003942fS3VersionKey2A433453",
                        },
                      ],
                    },
                  ],
                },
              ],
            ],
          },
        },
        "Handler": "index.handler",
        "Role": Object {
          "Fn::GetAtt": Array [
            "AWS679f53fac002430cb0da5b7982bd2287ServiceRoleC1EA0FF2",
            "Arn",
          ],
        },
        "Runtime": "nodejs12.x",
        "Timeout": 120,
      },
      "Type": "AWS::Lambda::Function",
    },
    "AWS679f53fac002430cb0da5b7982bd2287ServiceRoleC1EA0FF2": Object {
      "Properties": Object {
        "AssumeRolePolicyDocument": Object {
          "Statement": Array [
            Object {
              "Action": "sts:AssumeRole",
              "Effect": "Allow",
              "Principal": Object {
                "Service": "lambda.amazonaws.com",
              },
            },
          ],
          "Version": "2012-10-17",
        },
        "ManagedPolicyArns": Array [
          Object {
            "Fn::Join": Array [
              "",
              Array [
                "arn:",
                Object {
                  "Ref": "AWS::Partition",
                },
                ":iam::aws:policy/service-role/AWSLambdaBasicExecutionRole",
              ],
            ],
          },
        ],
      },
      "Type": "AWS::IAM::Role",
    },
    "AWS679f53fac002430cb0da5b7982bd2287ServiceRoleDefaultPolicyD28E1A5E": Object {
      "Properties": Object {
        "PolicyDocument": Object {
          "Statement": Array [
            Object {
              "Action": "cognito-idp:DescribeUserPoolClient",
              "Effect": "Allow",
              "Resource": Object {
                "Fn::GetAtt": Array [
                  "UserPool6BA7E5F2",
                  "Arn",
                ],
              },
            },
            Object {
              "Action": "cognito-idp:UpdateUserPoolClient",
              "Effect": "Allow",
              "Resource": Object {
                "Fn::GetAtt": Array [
                  "UserPool6BA7E5F2",
                  "Arn",
                ],
              },
            },
          ],
          "Version": "2012-10-17",
        },
        "PolicyName": "AWS679f53fac002430cb0da5b7982bd2287ServiceRoleDefaultPolicyD28E1A5E",
        "Roles": Array [
          Object {
            "Ref": "AWS679f53fac002430cb0da5b7982bd2287ServiceRoleC1EA0FF2",
          },
        ],
      },
      "Type": "AWS::IAM::Policy",
    },
    "AuthCheckAuthFnC12AAE69": Object {
      "DeletionPolicy": "Delete",
      "Properties": Object {
        "Config": Object {
          "callbackPath": "/auth/callback",
          "clientId": Object {
            "Ref": "UserPoolUserPoolClient40176907",
          },
          "clientSecret": Object {
            "Fn::GetAtt": Array [
              "AuthClientSecret768E9C19",
              "UserPoolClient.ClientSecret",
            ],
          },
          "cognitoAuthDomain": "my-domain.auth.eu-west-1.amazoncognito.com",
          "cookieSettings": Object {
            "accessToken": "Path=/; Secure; HttpOnly; SameSite=Lax",
            "idToken": "Path=/; Secure; HttpOnly; SameSite=Lax",
            "nonce": "Path=/; Secure; HttpOnly; SameSite=Lax",
            "refreshToken": "Path=/; Secure; HttpOnly; SameSite=Lax",
          },
          "httpHeaders": Object {
            "Cache-Control": "no-cache",
            "Content-Security-Policy": "default-src 'none'; img-src 'self'; script-src 'self'; style-src 'self' 'unsafe-inline'; object-src 'none'; connect-src 'self'",
            "Referrer-Policy": "same-origin",
            "Strict-Transport-Security": "max-age=31536000; includeSubdomains; preload",
            "X-Content-Type-Options": "nosniff",
            "X-Frame-Options": "DENY",
            "X-XSS-Protection": "1; mode=block",
          },
          "logLevel": "warn",
          "nonceSigningSecret": Object {
            "Fn::GetAtt": Array [
              "AuthNonceSigningSecretC47F85D8",
              "Value",
            ],
          },
          "oauthScopes": Array [
            "phone",
            "email",
            "profile",
            "openid",
            "aws.cognito.signin.user.admin",
          ],
          "refreshAuthPath": "/auth/refresh",
          "requireGroupAnyOf": null,
          "signOutPath": "/auth/sign-out",
          "signOutRedirectTo": "/",
          "userPoolId": Object {
            "Ref": "UserPool6BA7E5F2",
          },
        },
        "FunctionArn": Object {
          "Ref": "SsmParameterValuecfregionuseast1stackStack1Stack1AuthLambdas3691AB43CheckAuthFunctionfunctionarnC96584B6F00A464EAD1953AFF4B05118Parameter",
        },
        "Nonce": "",
        "ServiceToken": Object {
          "Fn::GetAtt": Array [
            "henristlambdaconfigproviderProviderframeworkonEventB2FC78D4",
            "Arn",
          ],
        },
      },
      "Type": "AWS::CloudFormation::CustomResource",
      "UpdateReplacePolicy": "Delete",
    },
    "AuthClientSecret768E9C19": Object {
      "DeletionPolicy": "Delete",
      "Properties": Object {
        "Create": Object {
          "action": "describeUserPoolClient",
          "parameters": Object {
            "ClientId": Object {
              "Ref": "UserPoolUserPoolClient40176907",
            },
            "UserPoolId": Object {
              "Ref": "UserPool6BA7E5F2",
            },
          },
          "physicalResourceId": Object {
            "id": Object {
              "Fn::Join": Array [
                "",
                Array [
                  Object {
                    "Ref": "UserPool6BA7E5F2",
                  },
                  "-",
                  Object {
                    "Ref": "UserPoolUserPoolClient40176907",
                  },
                ],
              ],
            },
          },
          "service": "CognitoIdentityServiceProvider",
        },
        "ServiceToken": Object {
          "Fn::GetAtt": Array [
            "AWS679f53fac002430cb0da5b7982bd22872D164C4C",
            "Arn",
          ],
        },
        "Update": Object {
          "action": "describeUserPoolClient",
          "parameters": Object {
            "ClientId": Object {
              "Ref": "UserPoolUserPoolClient40176907",
            },
            "UserPoolId": Object {
              "Ref": "UserPool6BA7E5F2",
            },
          },
          "physicalResourceId": Object {
            "id": Object {
              "Fn::Join": Array [
                "",
                Array [
                  Object {
                    "Ref": "UserPool6BA7E5F2",
                  },
                  "-",
                  Object {
                    "Ref": "UserPoolUserPoolClient40176907",
                  },
                ],
              ],
            },
          },
          "service": "CognitoIdentityServiceProvider",
        },
      },
      "Type": "Custom::AWS",
      "UpdateReplacePolicy": "Delete",
    },
    "AuthClientUpdate3823E358": Object {
      "DeletionPolicy": "Delete",
      "Properties": Object {
        "Create": Object {
          "action": "updateUserPoolClient",
          "parameters": Object {
            "AllowedOAuthFlows": Array [
              "code",
            ],
            "AllowedOAuthFlowsUserPoolClient": "TRUE:BOOLEAN",
            "AllowedOAuthScopes": Array [
              "phone",
              "email",
              "profile",
              "openid",
              "aws.cognito.signin.user.admin",
            ],
            "CallbackURLs": Array [
              Object {
                "Fn::Join": Array [
                  "",
                  Array [
                    "https://",
                    Object {
                      "Fn::GetAtt": Array [
                        "CloudFrontDistributionCFDistribution599ADCC4",
                        "DomainName",
                      ],
                    },
                    "/auth/callback",
                  ],
                ],
              },
            ],
            "ClientId": Object {
              "Ref": "UserPoolUserPoolClient40176907",
            },
            "LogoutURLs": Array [
              Object {
                "Fn::Join": Array [
                  "",
                  Array [
                    "https://",
                    Object {
                      "Fn::GetAtt": Array [
                        "CloudFrontDistributionCFDistribution599ADCC4",
                        "DomainName",
                      ],
                    },
                    "/",
                  ],
                ],
              },
            ],
            "SupportedIdentityProviders": Array [
              "COGNITO",
            ],
            "UserPoolId": Object {
              "Ref": "UserPool6BA7E5F2",
            },
          },
          "physicalResourceId": Object {
            "id": Object {
              "Fn::Join": Array [
                "",
                Array [
                  Object {
                    "Ref": "UserPool6BA7E5F2",
                  },
                  "-",
                  Object {
                    "Ref": "UserPoolUserPoolClient40176907",
                  },
                ],
              ],
            },
          },
          "service": "CognitoIdentityServiceProvider",
        },
        "ServiceToken": Object {
          "Fn::GetAtt": Array [
            "AWS679f53fac002430cb0da5b7982bd22872D164C4C",
            "Arn",
          ],
        },
        "Update": Object {
          "action": "updateUserPoolClient",
          "parameters": Object {
            "AllowedOAuthFlows": Array [
              "code",
            ],
            "AllowedOAuthFlowsUserPoolClient": "TRUE:BOOLEAN",
            "AllowedOAuthScopes": Array [
              "phone",
              "email",
              "profile",
              "openid",
              "aws.cognito.signin.user.admin",
            ],
            "CallbackURLs": Array [
              Object {
                "Fn::Join": Array [
                  "",
                  Array [
                    "https://",
                    Object {
                      "Fn::GetAtt": Array [
                        "CloudFrontDistributionCFDistribution599ADCC4",
                        "DomainName",
                      ],
                    },
                    "/auth/callback",
                  ],
                ],
              },
            ],
            "ClientId": Object {
              "Ref": "UserPoolUserPoolClient40176907",
            },
            "LogoutURLs": Array [
              Object {
                "Fn::Join": Array [
                  "",
                  Array [
                    "https://",
                    Object {
                      "Fn::GetAtt": Array [
                        "CloudFrontDistributionCFDistribution599ADCC4",
                        "DomainName",
                      ],
                    },
                    "/",
                  ],
                ],
              },
            ],
            "SupportedIdentityProviders": Array [
              "COGNITO",
            ],
            "UserPoolId": Object {
              "Ref": "UserPool6BA7E5F2",
            },
          },
          "physicalResourceId": Object {
            "id": Object {
              "Fn::Join": Array [
                "",
                Array [
                  Object {
                    "Ref": "UserPool6BA7E5F2",
                  },
                  "-",
                  Object {
                    "Ref": "UserPoolUserPoolClient40176907",
                  },
                ],
              ],
            },
          },
          "service": "CognitoIdentityServiceProvider",
        },
      },
      "Type": "Custom::AWS",
      "UpdateReplacePolicy": "Delete",
    },
    "AuthHttpHeadersFn7D541668": Object {
      "DeletionPolicy": "Delete",
      "Properties": Object {
        "Config": Object {
          "callbackPath": "/auth/callback",
          "clientId": Object {
            "Ref": "UserPoolUserPoolClient40176907",
          },
          "clientSecret": Object {
            "Fn::GetAtt": Array [
              "AuthClientSecret768E9C19",
              "UserPoolClient.ClientSecret",
            ],
          },
          "cognitoAuthDomain": "my-domain.auth.eu-west-1.amazoncognito.com",
          "cookieSettings": Object {
            "accessToken": "Path=/; Secure; HttpOnly; SameSite=Lax",
            "idToken": "Path=/; Secure; HttpOnly; SameSite=Lax",
            "nonce": "Path=/; Secure; HttpOnly; SameSite=Lax",
            "refreshToken": "Path=/; Secure; HttpOnly; SameSite=Lax",
          },
          "httpHeaders": Object {
            "Cache-Control": "no-cache",
            "Content-Security-Policy": "default-src 'none'; img-src 'self'; script-src 'self'; style-src 'self' 'unsafe-inline'; object-src 'none'; connect-src 'self'",
            "Referrer-Policy": "same-origin",
            "Strict-Transport-Security": "max-age=31536000; includeSubdomains; preload",
            "X-Content-Type-Options": "nosniff",
            "X-Frame-Options": "DENY",
            "X-XSS-Protection": "1; mode=block",
          },
          "logLevel": "warn",
          "nonceSigningSecret": Object {
            "Fn::GetAtt": Array [
              "AuthNonceSigningSecretC47F85D8",
              "Value",
            ],
          },
          "oauthScopes": Array [
            "phone",
            "email",
            "profile",
            "openid",
            "aws.cognito.signin.user.admin",
          ],
          "refreshAuthPath": "/auth/refresh",
          "requireGroupAnyOf": null,
          "signOutPath": "/auth/sign-out",
          "signOutRedirectTo": "/",
          "userPoolId": Object {
            "Ref": "UserPool6BA7E5F2",
          },
        },
        "FunctionArn": Object {
          "Ref": "SsmParameterValuecfregionuseast1stackStack1Stack1AuthLambdas3691AB43HttpHeadersFunctionfunctionarnC96584B6F00A464EAD1953AFF4B05118Parameter",
        },
        "Nonce": "",
        "ServiceToken": Object {
          "Fn::GetAtt": Array [
            "henristlambdaconfigproviderProviderframeworkonEventB2FC78D4",
            "Arn",
          ],
        },
      },
      "Type": "AWS::CloudFormation::CustomResource",
      "UpdateReplacePolicy": "Delete",
    },
    "AuthNonceSigningSecretC47F85D8": Object {
      "DeletionPolicy": "Delete",
      "Properties": Object {
        "Nonce": "",
        "ServiceToken": Object {
          "Fn::GetAtt": Array [
            "henristcloudfrontauthgeneratesecretproviderProviderframeworkonEventD98C7326",
            "Arn",
          ],
        },
      },
      "Type": "AWS::CloudFormation::CustomResource",
      "UpdateReplacePolicy": "Delete",
    },
    "AuthParseAuthFn975D8094": Object {
      "DeletionPolicy": "Delete",
      "Properties": Object {
        "Config": Object {
          "callbackPath": "/auth/callback",
          "clientId": Object {
            "Ref": "UserPoolUserPoolClient40176907",
          },
          "clientSecret": Object {
            "Fn::GetAtt": Array [
              "AuthClientSecret768E9C19",
              "UserPoolClient.ClientSecret",
            ],
          },
          "cognitoAuthDomain": "my-domain.auth.eu-west-1.amazoncognito.com",
          "cookieSettings": Object {
            "accessToken": "Path=/; Secure; HttpOnly; SameSite=Lax",
            "idToken": "Path=/; Secure; HttpOnly; SameSite=Lax",
            "nonce": "Path=/; Secure; HttpOnly; SameSite=Lax",
            "refreshToken": "Path=/; Secure; HttpOnly; SameSite=Lax",
          },
          "httpHeaders": Object {
            "Cache-Control": "no-cache",
            "Content-Security-Policy": "default-src 'none'; img-src 'self'; script-src 'self'; style-src 'self' 'unsafe-inline'; object-src 'none'; connect-src 'self'",
            "Referrer-Policy": "same-origin",
            "Strict-Transport-Security": "max-age=31536000; includeSubdomains; preload",
            "X-Content-Type-Options": "nosniff",
            "X-Frame-Options": "DENY",
            "X-XSS-Protection": "1; mode=block",
          },
          "logLevel": "warn",
          "nonceSigningSecret": Object {
            "Fn::GetAtt": Array [
              "AuthNonceSigningSecretC47F85D8",
              "Value",
            ],
          },
          "oauthScopes": Array [
            "phone",
            "email",
            "profile",
            "openid",
            "aws.cognito.signin.user.admin",
          ],
          "refreshAuthPath": "/auth/refresh",
          "requireGroupAnyOf": null,
          "signOutPath": "/auth/sign-out",
          "signOutRedirectTo": "/",
          "userPoolId": Object {
            "Ref": "UserPool6BA7E5F2",
          },
        },
        "FunctionArn": Object {
          "Ref": "SsmParameterValuecfregionuseast1stackStack1Stack1AuthLambdas3691AB43ParseAuthFunctionfunctionarnC96584B6F00A464EAD1953AFF4B05118Parameter",
        },
        "Nonce": "",
        "ServiceToken": Object {
          "Fn::GetAtt": Array [
            "henristlambdaconfigproviderProviderframeworkonEventB2FC78D4",
            "Arn",
          ],
        },
      },
      "Type": "AWS::CloudFormation::CustomResource",
      "UpdateReplacePolicy": "Delete",
    },
    "AuthRefreshAuthFnEA5CBBAE": Object {
      "DeletionPolicy": "Delete",
      "Properties": Object {
        "Config": Object {
          "callbackPath": "/auth/callback",
          "clientId": Object {
            "Ref": "UserPoolUserPoolClient40176907",
          },
          "clientSecret": Object {
            "Fn::GetAtt": Array [
              "AuthClientSecret768E9C19",
              "UserPoolClient.ClientSecret",
            ],
          },
          "cognitoAuthDomain": "my-domain.auth.eu-west-1.amazoncognito.com",
          "cookieSettings": Object {
            "accessToken": "Path=/; Secure; HttpOnly; SameSite=Lax",
            "idToken": "Path=/; Secure; HttpOnly; SameSite=Lax",
            "nonce": "Path=/; Secure; HttpOnly; SameSite=Lax",
            "refreshToken": "Path=/; Secure; HttpOnly; SameSite=Lax",
          },
          "httpHeaders": Object {
            "Cache-Control": "no-cache",
            "Content-Security-Policy": "default-src 'none'; img-src 'self'; script-src 'self'; style-src 'self' 'unsafe-inline'; object-src 'none'; connect-src 'self'",
            "Referrer-Policy": "same-origin",
            "Strict-Transport-Security": "max-age=31536000; includeSubdomains; preload",
            "X-Content-Type-Options": "nosniff",
            "X-Frame-Options": "DENY",
            "X-XSS-Protection": "1; mode=block",
          },
          "logLevel": "warn",
          "nonceSigningSecret": Object {
            "Fn::GetAtt": Array [
              "AuthNonceSigningSecretC47F85D8",
              "Value",
            ],
          },
          "oauthScopes": Array [
            "phone",
            "email",
            "profile",
            "openid",
            "aws.cognito.signin.user.admin",
          ],
          "refreshAuthPath": "/auth/refresh",
          "requireGroupAnyOf": null,
          "signOutPath": "/auth/sign-out",
          "signOutRedirectTo": "/",
          "userPoolId": Object {
            "Ref": "UserPool6BA7E5F2",
          },
        },
        "FunctionArn": Object {
          "Ref": "SsmParameterValuecfregionuseast1stackStack1Stack1AuthLambdas3691AB43RefreshAuthFunctionfunctionarnC96584B6F00A464EAD1953AFF4B05118Parameter",
        },
        "Nonce": "",
        "ServiceToken": Object {
          "Fn::GetAtt": Array [
            "henristlambdaconfigproviderProviderframeworkonEventB2FC78D4",
            "Arn",
          ],
        },
      },
      "Type": "AWS::CloudFormation::CustomResource",
      "UpdateReplacePolicy": "Delete",
    },
    "AuthSignOutFnD060B75E": Object {
      "DeletionPolicy": "Delete",
      "Properties": Object {
        "Config": Object {
          "callbackPath": "/auth/callback",
          "clientId": Object {
            "Ref": "UserPoolUserPoolClient40176907",
          },
          "clientSecret": Object {
            "Fn::GetAtt": Array [
              "AuthClientSecret768E9C19",
              "UserPoolClient.ClientSecret",
            ],
          },
          "cognitoAuthDomain": "my-domain.auth.eu-west-1.amazoncognito.com",
          "cookieSettings": Object {
            "accessToken": "Path=/; Secure; HttpOnly; SameSite=Lax",
            "idToken": "Path=/; Secure; HttpOnly; SameSite=Lax",
            "nonce": "Path=/; Secure; HttpOnly; SameSite=Lax",
            "refreshToken": "Path=/; Secure; HttpOnly; SameSite=Lax",
          },
          "httpHeaders": Object {
            "Cache-Control": "no-cache",
            "Content-Security-Policy": "default-src 'none'; img-src 'self'; script-src 'self'; style-src 'self' 'unsafe-inline'; object-src 'none'; connect-src 'self'",
            "Referrer-Policy": "same-origin",
            "Strict-Transport-Security": "max-age=31536000; includeSubdomains; preload",
            "X-Content-Type-Options": "nosniff",
            "X-Frame-Options": "DENY",
            "X-XSS-Protection": "1; mode=block",
          },
          "logLevel": "warn",
          "nonceSigningSecret": Object {
            "Fn::GetAtt": Array [
              "AuthNonceSigningSecretC47F85D8",
              "Value",
            ],
          },
          "oauthScopes": Array [
            "phone",
            "email",
            "profile",
            "openid",
            "aws.cognito.signin.user.admin",
          ],
          "refreshAuthPath": "/auth/refresh",
          "requireGroupAnyOf": null,
          "signOutPath": "/auth/sign-out",
          "signOutRedirectTo": "/",
          "userPoolId": Object {
            "Ref": "UserPool6BA7E5F2",
          },
        },
        "FunctionArn": Object {
          "Ref": "SsmParameterValuecfregionuseast1stackStack1Stack1AuthLambdas3691AB43SignOutFunctionfunctionarnC96584B6F00A464EAD1953AFF4B05118Parameter",
        },
        "Nonce": "",
        "ServiceToken": Object {
          "Fn::GetAtt": Array [
            "henristlambdaconfigproviderProviderframeworkonEventB2FC78D4",
            "Arn",
          ],
        },
      },
      "Type": "AWS::CloudFormation::CustomResource",
      "UpdateReplacePolicy": "Delete",
    },
    "Bucket83908E77": Object {
      "DeletionPolicy": "Retain",
      "Type": "AWS::S3::Bucket",
      "UpdateReplacePolicy": "Retain",
    },
    "CloudFrontDistributionCFDistribution599ADCC4": Object {
      "Properties": Object {
        "DistributionConfig": Object {
          "CacheBehaviors": Array [
            Object {
              "AllowedMethods": Array [
                "GET",
                "HEAD",
              ],
              "CachedMethods": Array [
                "GET",
                "HEAD",
              ],
              "Compress": true,
              "ForwardedValues": Object {
                "QueryString": true,
              },
              "LambdaFunctionAssociations": Array [
                Object {
                  "EventType": "viewer-request",
                  "LambdaFunctionARN": Object {
                    "Fn::GetAtt": Array [
                      "AuthParseAuthFn975D8094",
                      "FunctionArn",
                    ],
                  },
                },
              ],
              "PathPattern": "/auth/callback",
              "TargetOriginId": "origin1",
              "ViewerProtocolPolicy": "redirect-to-https",
            },
            Object {
              "AllowedMethods": Array [
                "GET",
                "HEAD",
              ],
              "CachedMethods": Array [
                "GET",
                "HEAD",
              ],
              "Compress": true,
              "ForwardedValues": Object {
                "QueryString": true,
              },
              "LambdaFunctionAssociations": Array [
                Object {
                  "EventType": "viewer-request",
                  "LambdaFunctionARN": Object {
                    "Fn::GetAtt": Array [
                      "AuthRefreshAuthFnEA5CBBAE",
                      "FunctionArn",
                    ],
                  },
                },
              ],
              "PathPattern": "/auth/refresh",
              "TargetOriginId": "origin1",
              "ViewerProtocolPolicy": "redirect-to-https",
            },
            Object {
              "AllowedMethods": Array [
                "GET",
                "HEAD",
              ],
              "CachedMethods": Array [
                "GET",
                "HEAD",
              ],
              "Compress": true,
              "ForwardedValues": Object {
                "QueryString": true,
              },
              "LambdaFunctionAssociations": Array [
                Object {
                  "EventType": "viewer-request",
                  "LambdaFunctionARN": Object {
                    "Fn::GetAtt": Array [
                      "AuthSignOutFnD060B75E",
                      "FunctionArn",
                    ],
                  },
                },
              ],
              "PathPattern": "/auth/sign-out",
              "TargetOriginId": "origin1",
              "ViewerProtocolPolicy": "redirect-to-https",
            },
          ],
          "DefaultCacheBehavior": Object {
            "AllowedMethods": Array [
              "GET",
              "HEAD",
            ],
            "CachedMethods": Array [
              "GET",
              "HEAD",
            ],
            "Compress": true,
            "ForwardedValues": Object {
              "Cookies": Object {
                "Forward": "none",
              },
              "QueryString": false,
            },
            "LambdaFunctionAssociations": Array [
              Object {
                "EventType": "viewer-request",
                "LambdaFunctionARN": Object {
                  "Fn::GetAtt": Array [
                    "AuthCheckAuthFnC12AAE69",
                    "FunctionArn",
                  ],
                },
              },
              Object {
                "EventType": "origin-response",
                "LambdaFunctionARN": Object {
                  "Fn::GetAtt": Array [
                    "AuthHttpHeadersFn7D541668",
                    "FunctionArn",
                  ],
                },
              },
            ],
            "TargetOriginId": "origin1",
            "ViewerProtocolPolicy": "redirect-to-https",
          },
          "DefaultRootObject": "index.html",
          "Enabled": true,
          "HttpVersion": "http2",
          "IPV6Enabled": true,
          "Origins": Array [
            Object {
              "ConnectionAttempts": 3,
              "ConnectionTimeout": 10,
              "DomainName": Object {
                "Fn::GetAtt": Array [
                  "Bucket83908E77",
                  "RegionalDomainName",
                ],
              },
              "Id": "origin1",
              "S3OriginConfig": Object {},
            },
          ],
          "PriceClass": "PriceClass_100",
          "ViewerCertificate": Object {
            "CloudFrontDefaultCertificate": true,
          },
        },
      },
      "Type": "AWS::CloudFront::Distribution",
    },
    "UserPool6BA7E5F2": Object {
      "Properties": Object {
        "AccountRecoverySetting": Object {
          "RecoveryMechanisms": Array [
            Object {
              "Name": "verified_phone_number",
              "Priority": 1,
            },
            Object {
              "Name": "verified_email",
              "Priority": 2,
            },
          ],
        },
        "AdminCreateUserConfig": Object {
          "AllowAdminCreateUserOnly": true,
        },
        "EmailVerificationMessage": "The verification code to your new account is {####}",
        "EmailVerificationSubject": "Verify your new account",
        "SmsVerificationMessage": "The verification code to your new account is {####}",
        "VerificationMessageTemplate": Object {
          "DefaultEmailOption": "CONFIRM_WITH_CODE",
          "EmailMessage": "The verification code to your new account is {####}",
          "EmailSubject": "Verify your new account",
          "SmsMessage": "The verification code to your new account is {####}",
        },
      },
      "Type": "AWS::Cognito::UserPool",
    },
    "UserPoolUserPoolClient40176907": Object {
      "Properties": Object {
        "AllowedOAuthFlows": Array [
          "code",
        ],
        "AllowedOAuthFlowsUserPoolClient": true,
        "AllowedOAuthScopes": Array [
          "profile",
          "phone",
          "email",
          "openid",
          "aws.cognito.signin.user.admin",
        ],
        "CallbackURLs": Array [
          "https://example.com",
        ],
        "ExplicitAuthFlows": Array [
          "ALLOW_USER_PASSWORD_AUTH",
          "ALLOW_USER_SRP_AUTH",
          "ALLOW_REFRESH_TOKEN_AUTH",
        ],
        "GenerateSecret": true,
        "PreventUserExistenceErrors": "ENABLED",
        "SupportedIdentityProviders": Array [
          "COGNITO",
        ],
        "UserPoolId": Object {
          "Ref": "UserPool6BA7E5F2",
        },
      },
      "Type": "AWS::Cognito::UserPoolClient",
    },
    "henristcloudfrontauthgeneratesecretproviderFunction3D1AFA99": Object {
      "DependsOn": Array [
        "henristcloudfrontauthgeneratesecretproviderFunctionServiceRole4523A59B",
      ],
      "Properties": Object {
        "Code": Object {
          "S3Bucket": Object {
            "Ref": "AssetParameters199627257adc7590ce01a0103b17e33e8ae5e7ec544f6905b0b7a5ab9d3d3d99S3Bucket9968787F",
          },
          "S3Key": Object {
            "Fn::Join": Array [
              "",
              Array [
                Object {
                  "Fn::Select": Array [
                    0,
                    Object {
                      "Fn::Split": Array [
                        "||",
                        Object {
                          "Ref": "AssetParameters199627257adc7590ce01a0103b17e33e8ae5e7ec544f6905b0b7a5ab9d3d3d99S3VersionKeyA2B61F20",
                        },
                      ],
                    },
                  ],
                },
                Object {
                  "Fn::Select": Array [
                    1,
                    Object {
                      "Fn::Split": Array [
                        "||",
                        Object {
                          "Ref": "AssetParameters199627257adc7590ce01a0103b17e33e8ae5e7ec544f6905b0b7a5ab9d3d3d99S3VersionKeyA2B61F20",
                        },
                      ],
                    },
                  ],
                },
              ],
            ],
          },
        },
        "Handler": "index.handler",
        "Role": Object {
          "Fn::GetAtt": Array [
            "henristcloudfrontauthgeneratesecretproviderFunctionServiceRole4523A59B",
            "Arn",
          ],
        },
        "Runtime": "nodejs12.x",
      },
      "Type": "AWS::Lambda::Function",
    },
    "henristcloudfrontauthgeneratesecretproviderFunctionServiceRole4523A59B": Object {
      "Properties": Object {
        "AssumeRolePolicyDocument": Object {
          "Statement": Array [
            Object {
              "Action": "sts:AssumeRole",
              "Effect": "Allow",
              "Principal": Object {
                "Service": "lambda.amazonaws.com",
              },
            },
          ],
          "Version": "2012-10-17",
        },
        "ManagedPolicyArns": Array [
          Object {
            "Fn::Join": Array [
              "",
              Array [
                "arn:",
                Object {
                  "Ref": "AWS::Partition",
                },
                ":iam::aws:policy/service-role/AWSLambdaBasicExecutionRole",
              ],
            ],
          },
        ],
      },
      "Type": "AWS::IAM::Role",
    },
    "henristcloudfrontauthgeneratesecretproviderProviderframeworkonEventD98C7326": Object {
      "DependsOn": Array [
        "henristcloudfrontauthgeneratesecretproviderProviderframeworkonEventServiceRoleDefaultPolicyC126E528",
        "henristcloudfrontauthgeneratesecretproviderProviderframeworkonEventServiceRoleEE714F1C",
      ],
      "Properties": Object {
        "Code": Object {
          "S3Bucket": Object {
            "Ref": "AssetParameters812fb1ad6d57643790c0c720ff7b1226e49679db821db771446a9a950a477b14S3BucketE74F71F4",
          },
          "S3Key": Object {
            "Fn::Join": Array [
              "",
              Array [
                Object {
                  "Fn::Select": Array [
                    0,
                    Object {
                      "Fn::Split": Array [
                        "||",
                        Object {
                          "Ref": "AssetParameters812fb1ad6d57643790c0c720ff7b1226e49679db821db771446a9a950a477b14S3VersionKeyCDA54A41",
                        },
                      ],
                    },
                  ],
                },
                Object {
                  "Fn::Select": Array [
                    1,
                    Object {
                      "Fn::Split": Array [
                        "||",
                        Object {
                          "Ref": "AssetParameters812fb1ad6d57643790c0c720ff7b1226e49679db821db771446a9a950a477b14S3VersionKeyCDA54A41",
                        },
                      ],
                    },
                  ],
                },
              ],
            ],
          },
        },
        "Description": "AWS CDK resource provider framework - onEvent (Stack2/henrist.cloudfront-auth.generate-secret.provider/Provider)",
        "Environment": Object {
          "Variables": Object {
            "USER_ON_EVENT_FUNCTION_ARN": Object {
              "Fn::GetAtt": Array [
                "henristcloudfrontauthgeneratesecretproviderFunction3D1AFA99",
                "Arn",
              ],
            },
          },
        },
        "Handler": "framework.onEvent",
        "Role": Object {
          "Fn::GetAtt": Array [
            "henristcloudfrontauthgeneratesecretproviderProviderframeworkonEventServiceRoleEE714F1C",
            "Arn",
          ],
        },
        "Runtime": "nodejs10.x",
        "Timeout": 900,
      },
      "Type": "AWS::Lambda::Function",
    },
    "henristcloudfrontauthgeneratesecretproviderProviderframeworkonEventServiceRoleDefaultPolicyC126E528": Object {
      "Properties": Object {
        "PolicyDocument": Object {
          "Statement": Array [
            Object {
              "Action": "lambda:InvokeFunction",
              "Effect": "Allow",
              "Resource": Object {
                "Fn::GetAtt": Array [
                  "henristcloudfrontauthgeneratesecretproviderFunction3D1AFA99",
                  "Arn",
                ],
              },
            },
          ],
          "Version": "2012-10-17",
        },
        "PolicyName": "henristcloudfrontauthgeneratesecretproviderProviderframeworkonEventServiceRoleDefaultPolicyC126E528",
        "Roles": Array [
          Object {
            "Ref": "henristcloudfrontauthgeneratesecretproviderProviderframeworkonEventServiceRoleEE714F1C",
          },
        ],
      },
      "Type": "AWS::IAM::Policy",
    },
    "henristcloudfrontauthgeneratesecretproviderProviderframeworkonEventServiceRoleEE714F1C": Object {
      "Properties": Object {
        "AssumeRolePolicyDocument": Object {
          "Statement": Array [
            Object {
              "Action": "sts:AssumeRole",
              "Effect": "Allow",
              "Principal": Object {
                "Service": "lambda.amazonaws.com",
              },
            },
          ],
          "Version": "2012-10-17",
        },
        "ManagedPolicyArns": Array [
          Object {
            "Fn::Join": Array [
              "",
              Array [
                "arn:",
                Object {
                  "Ref": "AWS::Partition",
                },
                ":iam::aws:policy/service-role/AWSLambdaBasicExecutionRole",
              ],
            ],
          },
        ],
      },
      "Type": "AWS::IAM::Role",
    },
    "henristlambdaconfigproviderProviderframeworkonEventB2FC78D4": Object {
      "DependsOn": Array [
        "henristlambdaconfigproviderProviderframeworkonEventServiceRoleDefaultPolicy3D96FE9E",
        "henristlambdaconfigproviderProviderframeworkonEventServiceRole9AA104AD",
      ],
      "Properties": Object {
        "Code": Object {
          "S3Bucket": Object {
            "Ref": "AssetParameters812fb1ad6d57643790c0c720ff7b1226e49679db821db771446a9a950a477b14S3BucketE74F71F4",
          },
          "S3Key": Object {
            "Fn::Join": Array [
              "",
              Array [
                Object {
                  "Fn::Select": Array [
                    0,
                    Object {
                      "Fn::Split": Array [
                        "||",
                        Object {
                          "Ref": "AssetParameters812fb1ad6d57643790c0c720ff7b1226e49679db821db771446a9a950a477b14S3VersionKeyCDA54A41",
                        },
                      ],
                    },
                  ],
                },
                Object {
                  "Fn::Select": Array [
                    1,
                    Object {
                      "Fn::Split": Array [
                        "||",
                        Object {
                          "Ref": "AssetParameters812fb1ad6d57643790c0c720ff7b1226e49679db821db771446a9a950a477b14S3VersionKeyCDA54A41",
                        },
                      ],
                    },
                  ],
                },
              ],
            ],
          },
        },
        "Description": "AWS CDK resource provider framework - onEvent (Stack2/henrist.lambda-config.provider/Provider)",
        "Environment": Object {
          "Variables": Object {
            "USER_ON_EVENT_FUNCTION_ARN": Object {
              "Fn::GetAtt": Array [
                "henristlambdaconfigproviderUpdateCodeFnBF8DF66B",
                "Arn",
              ],
            },
          },
        },
        "Handler": "framework.onEvent",
        "Role": Object {
          "Fn::GetAtt": Array [
            "henristlambdaconfigproviderProviderframeworkonEventServiceRole9AA104AD",
            "Arn",
          ],
        },
        "Runtime": "nodejs10.x",
        "Timeout": 900,
      },
      "Type": "AWS::Lambda::Function",
    },
    "henristlambdaconfigproviderProviderframeworkonEventServiceRole9AA104AD": Object {
      "Properties": Object {
        "AssumeRolePolicyDocument": Object {
          "Statement": Array [
            Object {
              "Action": "sts:AssumeRole",
              "Effect": "Allow",
              "Principal": Object {
                "Service": "lambda.amazonaws.com",
              },
            },
          ],
          "Version": "2012-10-17",
        },
        "ManagedPolicyArns": Array [
          Object {
            "Fn::Join": Array [
              "",
              Array [
                "arn:",
                Object {
                  "Ref": "AWS::Partition",
                },
                ":iam::aws:policy/service-role/AWSLambdaBasicExecutionRole",
              ],
            ],
          },
        ],
      },
      "Type": "AWS::IAM::Role",
    },
    "henristlambdaconfigproviderProviderframeworkonEventServiceRoleDefaultPolicy3D96FE9E": Object {
      "Properties": Object {
        "PolicyDocument": Object {
          "Statement": Array [
            Object {
              "Action": "lambda:InvokeFunction",
              "Effect": "Allow",
              "Resource": Object {
                "Fn::GetAtt": Array [
                  "henristlambdaconfigproviderUpdateCodeFnBF8DF66B",
                  "Arn",
                ],
              },
            },
          ],
          "Version": "2012-10-17",
        },
        "PolicyName": "henristlambdaconfigproviderProviderframeworkonEventServiceRoleDefaultPolicy3D96FE9E",
        "Roles": Array [
          Object {
            "Ref": "henristlambdaconfigproviderProviderframeworkonEventServiceRole9AA104AD",
          },
        ],
      },
      "Type": "AWS::IAM::Policy",
    },
    "henristlambdaconfigproviderUpdateCodeFnBF8DF66B": Object {
      "DependsOn": Array [
        "henristlambdaconfigproviderUpdateCodeFnServiceRoleDefaultPolicyE51A664A",
        "henristlambdaconfigproviderUpdateCodeFnServiceRole2FF24712",
      ],
      "Properties": Object {
        "Code": Object {
          "S3Bucket": Object {
            "Ref": "AssetParametersa01cec960b58c5d4ab37f849b1af75bf2d04efe9541f332a4e67aefb46252909S3Bucket890F81D3",
          },
          "S3Key": Object {
            "Fn::Join": Array [
              "",
              Array [
                Object {
                  "Fn::Select": Array [
                    0,
                    Object {
                      "Fn::Split": Array [
                        "||",
                        Object {
                          "Ref": "AssetParametersa01cec960b58c5d4ab37f849b1af75bf2d04efe9541f332a4e67aefb46252909S3VersionKey268FBFBF",
                        },
                      ],
                    },
                  ],
                },
                Object {
                  "Fn::Select": Array [
                    1,
                    Object {
                      "Fn::Split": Array [
                        "||",
                        Object {
                          "Ref": "AssetParametersa01cec960b58c5d4ab37f849b1af75bf2d04efe9541f332a4e67aefb46252909S3VersionKey268FBFBF",
                        },
                      ],
                    },
                  ],
                },
              ],
            ],
          },
        },
        "Handler": "index.handler",
        "Role": Object {
          "Fn::GetAtt": Array [
            "henristlambdaconfigproviderUpdateCodeFnServiceRole2FF24712",
            "Arn",
          ],
        },
        "Runtime": "nodejs12.x",
        "Timeout": 10,
      },
      "Type": "AWS::Lambda::Function",
    },
    "henristlambdaconfigproviderUpdateCodeFnServiceRole2FF24712": Object {
      "Properties": Object {
        "AssumeRolePolicyDocument": Object {
          "Statement": Array [
            Object {
              "Action": "sts:AssumeRole",
              "Effect": "Allow",
              "Principal": Object {
                "Service": "lambda.amazonaws.com",
              },
            },
          ],
          "Version": "2012-10-17",
        },
        "ManagedPolicyArns": Array [
          Object {
            "Fn::Join": Array [
              "",
              Array [
                "arn:",
                Object {
                  "Ref": "AWS::Partition",
                },
                ":iam::aws:policy/service-role/AWSLambdaBasicExecutionRole",
              ],
            ],
          },
        ],
      },
      "Type": "AWS::IAM::Role",
    },
    "henristlambdaconfigproviderUpdateCodeFnServiceRoleDefaultPolicyE51A664A": Object {
      "Properties": Object {
        "PolicyDocument": Object {
          "Statement": Array [
            Object {
              "Action": Array [
                "lambda:GetFunction",
                "lambda:UpdateFunctionCode",
              ],
              "Effect": "Allow",
              "Resource": "*",
            },
          ],
          "Version": "2012-10-17",
        },
        "PolicyName": "henristlambdaconfigproviderUpdateCodeFnServiceRoleDefaultPolicyE51A664A",
        "Roles": Array [
          Object {
            "Ref": "henristlambdaconfigproviderUpdateCodeFnServiceRole2FF24712",
          },
        ],
      },
      "Type": "AWS::IAM::Policy",
    },
  },
}
`;
